2026/05/27 16:05:50 Connected to database
2026/05/27 16:05:50 DB is up to date (version 1.0)
[GIN-debug] [WARNING] Creating an Engine instance with the Logger and Recovery middleware already attached.

[GIN-debug] [WARNING] Running in "debug" mode. Switch to "release" mode in production.
 - using env:	export GIN_MODE=release
 - using code:	gin.SetMode(gin.ReleaseMode)

[GIN-debug] GET    /api/v1/opds/catalog.xml  --> main.setupOPDSRoutes.opdsRoot.func1 (4 handlers)
[GIN-debug] GET    /api/v1/opds/latest.xml   --> main.setupOPDSRoutes.opdsLatest.func2 (4 handlers)
[GIN-debug] GET    /api/v1/opds/genres.xml   --> main.setupOPDSRoutes.opdsGenres.func3 (4 handlers)
[GIN-debug] GET    /api/v1/opds/genre/:id.xml --> main.setupOPDSRoutes.opdsGenreBooks.func4 (4 handlers)
[GIN-debug] GET    /api/v1/opds/search.xml   --> main.setupOPDSRoutes.opdsSearch.func5 (4 handlers)
[GIN-debug] GET    /api/v1/opds/book/:id     --> main.setupOPDSRoutes.opdsDownload.func6 (4 handlers)
[GIN-debug] GET    /api/v1/books             --> main.main.getBooks.func5 (4 handlers)
[GIN-debug] GET    /api/v1/books/search      --> main.main.searchBooks.func6 (4 handlers)
[GIN-debug] POST   /api/v1/books             --> main.main.createBook.func7 (4 handlers)
[GIN-debug] GET    /api/v1/books/:id         --> main.main.getBook.func8 (4 handlers)
[GIN-debug] PUT    /api/v1/books/:id         --> main.main.updateBook.func9 (4 handlers)
[GIN-debug] DELETE /api/v1/books/:id         --> main.main.deleteBook.func10 (4 handlers)
[GIN-debug] GET    /api/v1/books/:id/extended --> main.main.getBookExtended.func11 (4 handlers)
[GIN-debug] PUT    /api/v1/books/:id/extended --> main.main.updateBookExtended.func12 (4 handlers)
[GIN-debug] GET    /api/v1/authors           --> main.main.getAuthors.func13 (4 handlers)
[GIN-debug] PUT    /api/v1/persons/:id       --> main.main.updatePerson.func14 (4 handlers)
[GIN-debug] GET    /api/v1/genres            --> main.main.getGenres.func15 (4 handlers)
[GIN-debug] POST   /api/v1/genres            --> main.main.createGenre.func16 (4 handlers)
[GIN-debug] GET    /api/v1/tags              --> main.main.getTags.func17 (4 handlers)
[GIN-debug] POST   /api/v1/tags              --> main.main.createTag.func18 (4 handlers)
[GIN-debug] GET    /api/v1/persons           --> main.main.getPersons.func19 (4 handlers)
[GIN-debug] GET    /api/v1/languages         --> main.main.getLanguages.func20 (4 handlers)
[GIN-debug] GET    /api/v1/config            --> main.main.getAppConfig.func21 (4 handlers)
[GIN-debug] POST   /api/v1/import/file       --> main.main.importBookFile.func22 (4 handlers)
[GIN-debug] POST   /api/v1/import/upload     --> main.main.importUploadFiles.func23 (4 handlers)
[GIN-debug] POST   /api/v1/import/directory  --> main.main.startImport.func24 (4 handlers)
[GIN-debug] GET    /api/v1/import/status     --> main.main.getImportStatus.func25 (4 handlers)
[GIN-debug] POST   /api/v1/import/cancel     --> main.main.cancelImport.func26 (4 handlers)
[GIN-debug] POST   /api/v1/books/:id/cover   --> main.main.uploadCover.func27 (4 handlers)
[GIN-debug] GET    /api/v1/books/:id/download --> main.main.downloadBook.func28 (4 handlers)
[GIN-debug] PUT    /api/v1/books/:id/shelf   --> main.main.updateBookShelf.func29 (4 handlers)
[GIN-debug] GET    /static/*filepath         --> github.com/gin-gonic/gin.(*RouterGroup).createStaticHandler.func1 (4 handlers)
[GIN-debug] HEAD   /static/*filepath         --> github.com/gin-gonic/gin.(*RouterGroup).createStaticHandler.func1 (4 handlers)
[GIN-debug] GET    /                         --> main.main.func2 (4 handlers)
[GIN-debug] GET    /shelf/                   --> main.main.getShelfPage.func30 (4 handlers)
[GIN-debug] PUT    /api/v1/shelf/clear       --> main.main.clearShelf.func31 (4 handlers)
[GIN-debug] GET    /api/v1/shelf/count       --> main.main.getShelfCount.func32 (4 handlers)
[GIN-debug] GET    /debug/goroutines         --> main.main.func3 (4 handlers)
2026/05/27 16:05:50 Starting server on 0.0.0.0:9091
[GIN-debug] [WARNING] You trusted all proxies, this is NOT safe. We recommend you to set a value.
Please check https://github.com/gin-gonic/gin/blob/master/docs/doc.md#dont-trust-all-proxies for details.
[GIN-debug] Listening and serving HTTP on 0.0.0.0:9091
[GIN] 2026/05/27 - 16:06:03 | 200 |     45ms |             ::1 | POST     "/api/v1/import/directory"
2026/05/27 16:06:03 Duplicate file: hash=7e8453101a1c25210cba9b6a2de9eff616e376b443a38427323c7014b9fd76fd, title='Оргуправленческое мышление: идеология, методология, технология'
2026/05/27 16:06:03 Duplicate file: hash=8aa8e86fa6b595200d0dbfa5fc1d0aff3b318cce608956d162ca9c72133953cc, title='KGBT+ (КГБТ+)'
2026/05/27 16:06:03 Duplicate file: hash=febd83d3c264028c198ac7ccd1afb6ccd4d31d9a8f42fced8c3a3eab3c9521ea, title='Беседы с Богом. Необычный диалог. Книга 1'
2026/05/27 16:06:03 Duplicate file: hash=d27696ef998258671d717a8c16ab5872c4eec1dbdef027c24b08caba149d4ff9, title='Жёлтый вождь'
2026/05/27 16:06:03 Duplicate file: hash=345e83c45f8e76209978a247b2ead2f666b290959afb8c75791397f7d82bfd14, title='Охотники за скальпами'
2026/05/27 16:06:03 Duplicate file: hash=ae619357aec30e15b9a32f4bd110cad359c1366c519f89bdb947d31e7fc5bc76, title='Путешествие в Элевсин'
2026/05/27 16:06:03 Duplicate file: hash=fe7b1e6b3de07656e36a23162ed176ca511c68d3e994e4822d3d2ca8aa331e85, title='Фантастический альманах «Завтра».  Выпуск четвертый'
2026/05/27 16:06:03 Duplicate file: hash=9e955443598da04d26a221b954f81605207c63df5d5551c8a5047357ef1526e8, title='Детский мир (сборник)'
2026/05/27 16:06:03 Duplicate file: hash=a03c12c913884e26fd52402a52f2fa6d0df4f26e2b314a73d84e3ce1238c4a3a, title='TRANSHUMANISM INC.'
2026/05/27 16:06:03 Duplicate file: hash=a03c12c913884e26fd52402a52f2fa6d0df4f26e2b314a73d84e3ce1238c4a3a, title='TRANSHUMANISM INC.'
2026/05/27 16:06:03 Duplicate file: hash=84d6e457d7795bac043b1318e2d3d6d3388216393753cbb86bf60d87eb748c31, title='Чёрный лебедь. Под знаком непредсказуемости'
2026/05/27 16:06:03 Duplicate file: hash=d39d00bc492fa6d30d0571f7ae82e390bf637622ca9416430d9a39cb7162212b, title='Пиратский остров; Молодые невольники'
2026/05/27 16:06:03 Duplicate file: hash=55f89887f8646cc7c34197ac6b8c6812473af21cb1e9bf91922ea49e87c0c212, title='Смертельный выстрел'
2026/05/27 16:06:03 Duplicate file: hash=a339c5a029cf4e0571ee006e1f702a7e5babef4037638b981249834a06e461f8, title='Пропавшая гора'
2026/05/27 16:06:03 Duplicate file: hash=3e9ef44bcfa5b48e3b1524b1a600dd169ca78fb311b69363b4b2bdf8ddef8fb2, title='Пронзенное сердце и другие рассказы'
2026/05/27 16:06:03 Duplicate file: hash=c3c6a86eb2445e67bd5e32f1c5716b83b92b39e77babaebc99b02fcb763de2ed, title='Всадник без головы. Морской волчонок'
2026/05/27 16:06:03 Duplicate file: hash=d86c8211ed7504a218ab5aa9f0a2ff75d06c494e9081195fb67162f172a3b140, title='Мощные инструменты развития личности: Семь навыков высоко-эффективных людей. Перевод с английского.'
2026/05/27 16:06:03 Duplicate file: hash=a682a5dc3a9def23afff26da1488018951bb39078eaf6a6648ca5b9195dcc82f, title='Отважная охотница'
2026/05/27 16:06:03 Duplicate file: hash=8fe8b8f23cffbd2e33e0b48f8bebab7f4b06d5754dd9cceb8e43e8c92431f345, title='Охота на левиафана'
2026/05/27 16:06:03 Duplicate file: hash=05f988dc3aa308412c2b0a4918e921aa82f993b944e62eea1541be50cabee0f2, title='ИСКУССТВО СНОВИДЕНИЯ. Из книги "Искажения восприятия"'
2026/05/27 16:06:03 Duplicate file: hash=eb85a3e30880d9ea39661cd1c45729b419fd53462999058f0d68e9275f7be5ed, title='Laravel:Up & Running: Keep Your Web Applications Fast, Flexible, and Firmly Under Control'
2026/05/27 16:06:03 Duplicate file: hash=c04f81da200d28c44b93d25baccb39c7b898367277196884c9aaac66a486e565, title='Иуда Искариот'
2026/05/27 16:06:03 Duplicate file: hash=6078de117b83605738b569f9a1485ee5fd79f197466a3bde4036f266e0592f14, title='Жизнь внутри пузыря. Неформальное руководство менеджера по выживанию в инвестируемом проекте'
2026/05/27 16:06:03 Duplicate file: hash=99b7360243d1479822fb2285e2a4f882cd8a5a5efd41c582addbc52c75d61791, title='Data Science from Scratch: FIRST PRINCIPLES with Python'
2026/05/27 16:06:03 Duplicate file: hash=38ac0c21c909ef69d6106f2cd16634ac6f4ed80021982fbc0044cd23f85566fe, title='Время – деньги!'
2026/05/27 16:06:03 Duplicate file: hash=a71dad61bf32cda531cecde1e6bb0260f68ab81e5d17ad7c0c482599ef80b827, title='Git_для_профессионального_программиста.pdf'
2026/05/27 16:06:03 Duplicate file: hash=4b77cc2a01510b079052fa795d0d69214153b8aae6bc27d09a4daee1e2ee1fef, title='Ускорение: Совершенствование методов хозяйствования'
2026/05/27 16:06:03 Duplicate file: hash=13684de4affa5dcb292758919a852dfd477c1c88b2b0be0b7f4b2fcadb7b2855, title='Тайная Доктрина. Синтез науки, религии и философии. Том I. Космогенезис'
2026/05/27 16:06:03 Duplicate file: hash=1efe8448f633997c36062f9d875db1436286813a2212ed5b6f3918735b11b6b2, title='Тайная Доктрина. Синтез Науки, Религии и Философии'
2026/05/27 16:06:03 Duplicate file: hash=19058e9ab6c54dd83aee0a5ebbdb3c180e6ffe82f5f4ffb4c9e76ba0a8086251, title='Неизвестно'
2026/05/27 16:06:03 Duplicate file: hash=61f57ddf4fcba9f49fec88f56d2bf7799a30248767534e16b1551268afcc25ef, title='Правила счастливых семей'
2026/05/27 16:06:03 Duplicate file: hash=7251def502ce591d9c6d8074d92c3baf3ef57b0329808c90cce58723cf478627, title='Так говорил Заратустра'
2026/05/27 16:06:03 Duplicate file: hash=eb8eecfa2a120b6edfe358330e4fae3d00e2ee9f951e9d7f2db587be0dffd84d, title='Оргуправленческое мышление: идеология, методология, технология'
2026/05/27 16:06:03 Duplicate file: hash=7ba11555c765ad49fefb4527c4a50ba02fc820e56dbdf15eb6e30163517bcff9, title='Алмазная Сутра'
2026/05/27 16:06:03 Duplicate file: hash=cedd95dbfda4d9f661b5edb9fa7be4a31f9228163ff589d9eee988e302cf377b, title='Антикризиская программа'
2026/05/27 16:06:03 Duplicate file: hash=97862bb2c6778bfa785c00973f63c8d1f9f4d35d4f51b74efbf37f0757e475a7, title='Белый Лотос'
2026/05/27 16:06:03 Duplicate file: hash=b1ca60f28353a166de4db6a87937a38bdbed2e509b856ed65e102617d4dba192, title='Близость. Доверие к себе и другому.'
2026/05/27 16:06:03 Duplicate file: hash=d8efb7fc54fb6f93968867640ce1e6ba318ccfd02faecfcb8919f97f7e1bcd53, title='Будда: Пустота Сердца'
2026/05/27 16:06:03 Duplicate file: hash=9ddf510e61d5df72d763868aa4ebdbb6bd88c3ad06b9f93fc4758f733a60549a, title='Горчичное зерно. Комментарии к пятому Евангелию от св. Фомы'
2026/05/27 16:06:03 Duplicate file: hash=9af00e6715625d151f498a2590cf5d1f53f121db9789ea6ed493901009d0057d, title='Гусь снаружи'
2026/05/27 16:06:04 Duplicate file: hash=0c0f21339202a68c0f2f5bacee17932ff64a13e51b90da745696ab73167d53c8, title='В поисках Чудесного. Чакры, Кундалини и семь тел'
2026/05/27 16:06:04 Duplicate file: hash=8773079fcde6809d754b74107a3e4406a2e991260d9d4d852d659e63a2dfbb45, title='Алмазные россыпи'
2026/05/27 16:06:04 Duplicate file: hash=6f89cd1e6ec94d05f0d4b0370bf9624b2d9e023b203a6b976a6a9adf57c3026f, title='Руководство к своду знаний по управлению проектами. Пятая редакция 2000 года'
2026/05/27 16:06:04 Duplicate file: hash=8bfa1ad402573357edc25f8baee00274ebf6a914d0dea0383c86cc9996e0e2d9, title='Лампа Мафусаила, или Крайняя битва чекистов с масонами'
2026/05/27 16:06:04 Duplicate file: hash=83000a22d1c8ef963e22f720d793e2cb77e792fd48119dd7e640298d0e696fd4, title='Искусство легких касаний'
2026/05/27 16:06:04 Duplicate file: hash=a5e0cf6606e101424cd961fdbf3d52924c24b9998dc84e3224414ee5e861a424, title='Непобедимое солнце'
2026/05/27 16:06:04 Duplicate file: hash=409ad58a5bc2cbed737c56431f5bc839510ca3ed73081640ebfc94c18acca44e, title='iPhuck 10'
2026/05/27 16:06:04 Duplicate file: hash=bf9ad34d739a152c39d9ef7aa74b98def0e74c8b65c335e8e7cd233cead9a826, title='Анна Каренина'
2026/05/27 16:06:04 Duplicate file: hash=f5f1e97603f520562df06bc8ba2d887f0719aa9aef89e4bab6b0db33e6c3be15, title='A Sinistra | А Синистра | Левый Путь'
2026/05/27 16:06:04 Duplicate file: hash=2613e075f6bb7422cf2fa2835f49a1501e550a3d67da1c34c9b6046314dc5af0, title='Жизнь-в-сновидении. Посвящение в мир магов'
2026/05/27 16:06:04 Duplicate file: hash=910f65b487966a11cdc16be83c1fd035093fcc80b57b8ec682c4bde7f8dd4eb8, title='Договориться можно обо всем'
2026/05/27 16:06:04 Duplicate file: hash=fc524cef4e3ec0e4c2822a64ddb78ded8d2257e5bd852df8b4a837cc67c4ea2f, title='Инвестируй в Себя. Разбуди в себе исполина. Авторский перевод Александра Турчина и Леонида Выжогова, под редакцией Эрики Донатишин.'
2026/05/27 16:06:04 Duplicate file: hash=125c7b61dd9da5eb7e04caac132bff03e7ccdb3b7c26dd470ecc22de543f7a73, title='Бизнес в стиле фанк: Капитал пляшет под дудку таланта (отрывки из книги)'
2026/05/27 16:06:04 Duplicate file: hash=75c43276141e4de67e4fe3810dd6963d3983b634bf629c69017c21ade039498c, title='Тайная Доктрина. Синтез науки, религии и философии. От автора "Разоблаченной Изиды".'
2026/05/27 16:06:04 Duplicate file: hash=1efe8448f633997c36062f9d875db1436286813a2212ed5b6f3918735b11b6b2, title='Тайная Доктрина. Синтез Науки, Религии и Философии'
2026/05/27 16:06:04 Duplicate file: hash=19058e9ab6c54dd83aee0a5ebbdb3c180e6ffe82f5f4ffb4c9e76ba0a8086251, title='Неизвестно'
2026/05/27 16:06:04 Found existing work id=47 for title='iPhuck 10'
2026/05/27 16:06:04 Duplicate file: hash=bbf555a22170943dd78f0e1b546304cad4985fa152b2a4e40da3e2d5e33f97f6, title='isis1.zip'
2026/05/27 16:06:04 Duplicate file: hash=8874fd33a43c048b6b08ff5ce4399f69e1cfc49983aec23d833e546e0d283481, title='Не определено из предоставленных данных.'
2026/05/27 16:06:04 Duplicate file: hash=8dd86253f5265455d6ab97cad23a1624fcf79df4fa4b9b87dc3e69081c2e6498, title='Контекст жизни. Как научиться управлять привычками, которые управляют нами'
2026/05/27 16:06:04 Duplicate file: hash=08f5f9c61b80eed82e22504520f59e9a02ea01042bf82f85b5d2a05bc663f790, title='Магический перехождение Путь женщины-воина'
2026/05/27 16:06:04 Duplicate file: hash=aee30ad9ce87d3eb5aed818e300e69a153c5a21dd6374515e80ac29cc354b8d4, title='Понедельник начинается в субботу'
2026/05/27 16:06:04 Duplicate file: hash=3373a293d504e292c7a958c33dc1237c567b1e8ea3e6b258f277bbdfd8d38030, title='shabono.zip'
2026/05/27 16:06:04 Duplicate file: hash=e2e08f4f00f9b57eecd838ab19cf1ed6f10998081ec790b69ddc02cc38d86c13, title='tensegrity.zip'
2026/05/27 16:06:04 Duplicate file: hash=e9cb5cec3438ceb21a93e11fe5ff4ea627aa561682aa04297abf108cf49399f3, title='the_witchs_dream.zip'
2026/05/27 16:06:04 Duplicate file: hash=dac1bb8e4362f47ecb11f4fcf68b75f1fd0ea9b58b693a85d0376f593f73c5ef, title='vzglyadi.zip'
2026/05/27 16:06:04 Duplicate file: hash=1fefd8f1ca11f3d73fe2ced7907438a62475d1240290605fbea894eb402a3b2a, title='НФ: Альманах научной фантастики 35 (1991)'
2026/05/27 16:06:04 Duplicate file: hash=9f1d0a70918f32da43ed8cdd6aac4269d817758a16f404b2fffbfba8cc55746f, title='Вельзевул-Ч_1.DOC'
2026/05/27 16:06:04 Duplicate file: hash=0db74ae90032ff012778a78dfe8dc6c76c942e379fb779b7c75000d8c54c6585, title='Вельзевул-Ч_2.DOC'
2026/05/27 16:06:04 Duplicate file: hash=ac882563e26cef7d72f862c4ac968e569bc09a70d29d96832b932fe9e7129883, title='Вельзевул-Ч_3.DOC'
2026/05/27 16:06:04 Duplicate file: hash=b9e5720167bf3659ce151aa7044ac9d0ddbbe11288ef41d595f8fb50f1da92c9, title='Голос Безмолвия.doc'
2026/05/27 16:06:04 Duplicate file: hash=bfdffb4446dd1971ff32be06cb7a10660436891dc4fb6d61b343402fe90d12ae, title='Беседы с учениками'
2026/05/27 16:06:04 Duplicate file: hash=cff3183b7894ec1fd8c0d0060fa6e838ab6c6facbd26a933d4cf90137a5cc4f0, title='Встречи с замечательными людьми'
2026/05/27 16:06:04 Duplicate file: hash=6f807fa534bc780b4537999333773c57a9edaccffc1023f86d1ce3045933c23c, title='Встречи с замечательными людьми'
2026/05/27 16:06:04 Duplicate file: hash=6f9b38eb60aca83fd7807db6bad81700e6076772f7eee406654b5aae9c647578, title='Жизнь реальна только тогда, когда "Я есть"'
2026/05/27 16:06:04 Duplicate file: hash=090ecf29653c9272c20742d13b072f509ee64f9f8ffbcd937b29354faa5f4208, title='Закономерное разнообразие проявлений человеческой индивидуальности'
2026/05/27 16:06:04 Duplicate file: hash=4f78e2868169ca0ad77391df72a3545714bed1d398a8ce150a38e8c10a7ec4d8, title='Последний час жизни'
2026/05/27 16:06:04 Duplicate file: hash=3a8bc8ae09e7fe7996a381d124e0e9f86a0729d84f6ceb2a42ef0cf327cc6442, title='Человек - это многосложное существо'
2026/05/27 16:06:04 Duplicate file: hash=bbae8a8368b17af0a2ef660005265a144e0e81a4229c01751ccccc2551155b81, title='Эссе и размышления о Человеке и его Учении'
2026/05/27 16:06:04 Duplicate file: hash=1fb23137c1ce5dcdc9568d5d68a8cca20da64d0546d0ca714781431011260380, title='Дао дэ цзин'
2026/05/27 16:06:04 Duplicate file: hash=3367302fd6e00fedc14752295a52b1e719a71fae34110e7ea04ccae5f518d29c, title='Путь джедая'
2026/05/27 16:06:04 Duplicate file: hash=c8540f23e90a0c76055a79ed17eae9b2279d8223e806b6174e3531037f58751a, title='Дорофеев М.-Джедайские техники.Как воспитать свою обезьяну,опустошить инбокс и сберечь мыслетопливо-2017.pdf'
2026/05/27 16:06:04 Duplicate file: hash=6ee620485c40cb09a4532403a8d30b48943a643d193825a168933a1114a50b67, title='Учение дона Хуана: путь знания индейцев яки'
2026/05/27 16:06:04 Duplicate file: hash=c5671e760d2fe0fb2369ac5494542ae5ede62cf69e40ecfb74af95277d94fb71, title='Книга 02. Отдельная реальность.doc'
2026/05/27 16:06:04 Duplicate file: hash=8d6fdf1a9eddc04bafac1e00f8101c8630bf8bfa653ae3d784e4a5f12d42a769, title='Книга 03. Путешествие в Икстлан.doc'
2026/05/27 16:06:04 Duplicate file: hash=e11b496079a04ca1c34b1eab5d04db58c71e94c616b06103dc2058e7064d84b2, title='Книга 04. Сказки о силе.doc'
2026/05/27 16:06:04 Duplicate file: hash=bb0ffe1595bfaab52c002ac85c6e993f6a5e7006f9b5bc4fc81a97cb503c0eef, title='Книга 05. Второе кольцо силы.doc'
2026/05/27 16:06:04 Duplicate file: hash=376fad3fc405bce1d4329c37398e42123050f220b43202de373cf93189dbb02c, title='Книга 06. Дар Орла.doc'
2026/05/27 16:06:04 Duplicate file: hash=c97dd6d2957b05166ced7fc4c59e460a18f4d4ed0eeadb538f09e2a05ccb93de, title='Книга 07. Огонь изнутри.doc'
2026/05/27 16:06:04 Duplicate file: hash=4949e60b60338a4b876a4d64a4de4ef27a1085e49b3c7761fac6ed9c37074dc4, title='Книга 08. Сила безмолвия.doc'
2026/05/27 16:06:04 Duplicate file: hash=05f988dc3aa308412c2b0a4918e921aa82f993b944e62eea1541be50cabee0f2, title='ИСКУССТВО СНОВИДЕНИЯ. Из книги "Искажения восприятия"'
2026/05/27 16:06:04 Duplicate file: hash=0b50ee64bb73b6f925135dbd970e5451719b692aceb2ea0433ce84b0acc4dbc3, title='Книга 10. Активная сторона бесконечности.doc'
2026/05/27 16:06:04 Duplicate file: hash=b74c22864569ea7784ab98d7ba2e2e9b7ef2f52ca3fcdbd40bfcfb9150b97b2b, title='Колесо времени'
2026/05/27 16:06:04 Duplicate file: hash=cc1cbbd6a7e433691f4adc0412b10633f7a3634dee7e3af552018374c9b508d1, title='Виктор Пелевин и эффект Пустоты'
2026/05/27 16:06:04 Duplicate file: hash=d36fef1495eb0258a7543063f430d6cb1e1bf6e7e217f686db05a6a117e74abd, title='Empire V'
2026/05/27 16:06:04 Duplicate file: hash=be0741f6e43211f15a7be6bfef97a2260bb1abb111a80aa3fd22b00fa85ada05, title='Generation «П»'
2026/05/27 16:06:04 Duplicate file: hash=1a61d6afd01ccd7f1a3c8a9cb5d040e17e8a97054a2746a67636db78f63b8fc8, title='Relics. Раннее и неизданное (Сборник)'
2026/05/27 16:06:04 Duplicate file: hash=69a76907c7cc077f6827eb2b89687d13bfbf729eedb1592adfb8af317ba9c271, title='S.N.U.F.F.'
2026/05/27 16:06:04 Duplicate file: hash=21b683df4ca675deb45c5abd450179d99a9269d25ad1aaa72c14cba87612ff68, title='Timeout, или Вечерняя Москва'
2026/05/27 16:06:04 Duplicate file: hash=8ead47eac2f6436c9cfc6dad7cf56879ff3320a58bd476307b79485afc1147a4, title='Ultima Тулеев, или Дао выборов'
2026/05/27 16:06:04 Duplicate file: hash=3d6ec2327c2ab6b7bdd3572956ddc2fd156aff621bb2e617f9ddc83a2e5f4045, title='t'
2026/05/27 16:06:04 Duplicate file: hash=fdd0b7f4db92953aee0b9af62ba33f0280bc4fcfa15c7672a1615a91afe8ccf3, title='Акико'
2026/05/27 16:06:04 Duplicate file: hash=c7ba6d6aeb714ec6fb2dba2f73929a1a2b8ddb4bf50fec9d8573781b585e02a3, title='Ампир «В»'
2026/05/27 16:06:04 Duplicate file: hash=2861f5fc8de75b1638972c9dd5d807a0895114e3abd7773c4e06fd6abf5e6d2b, title='Ананасная вода для прекрасной дамы'
2026/05/27 16:06:04 Duplicate file: hash=002597821084035c25001a198deb6b7f5a3e878e03fde33639400b1170f1b1a2, title='Бубен верхнего мира'
2026/05/27 16:06:04 Duplicate file: hash=b829a0bb66f4e218473ec2824446826ec6c78fdc87fd0965da83a8cb192a7c78, title='Бубен нижнего мира'
2026/05/27 16:06:04 Duplicate file: hash=7a3a5e2b3dc4f36c44785308ac37366b2c36b7647f2c538a8f5e6e57fcfdba2c, title='Бэтман Аполло'
2026/05/27 16:06:04 Duplicate file: hash=856eaee9359dfadacdf8ee75b7b6b57027b152c83599a5f197157066ffb0df2c, title='Вести из Непала'
2026/05/27 16:06:04 Duplicate file: hash=6e502735ed26b49a8be703b1ca1c29596f3dc6453a6adeb52ae76ba1409753cf, title='Виктор Пелевин спрашивает PRов'
2026/05/27 16:06:04 Duplicate file: hash=eebf4e357780f8e7f1dda44d454b02561c28c0daa316970e53bf5747cdd87172, title='Водонапорная башня'
2026/05/27 16:06:04 Duplicate file: hash=1e064e26e518e5474f8ab776497768446e63d14478e367a2c75112043bbe7f44, title='Все рассказы (Сборник)'
2026/05/27 16:06:04 Duplicate file: hash=6fafae0ad14009a9abea6d4db4a6fe8ba07fa4a6aebd63606d142d47332f18da, title='Встроенный напоминатель'
2026/05/27 16:06:04 Duplicate file: hash=d60df98b36233fe08bf75b28dbee0676788b5fc87370a6197dab4d581290e49d, title='ГКЧП как тетраграмматон'
2026/05/27 16:06:04 Duplicate file: hash=bfc78740dd753b08ca8b562d7e6968be2d1845c62ebc580fd14bcc06159d58c3, title='Гадание на рунах или рунический оракул Ральфа Блума'
2026/05/27 16:06:04 Duplicate file: hash=4d538e76cab6a28cf190d4672b86213506884640aa6458deb127d0f1721ed1bf, title='Греческий вариант'
2026/05/27 16:06:04 Duplicate file: hash=635e2320b4d38cfee87f52fcd9fd084810289efea40a939cfc5b4c7be9ccf323, title='ДПП (НН) (сборник)'
2026/05/27 16:06:04 Duplicate file: hash=f42e3b96fdcdbc203186b52dd9a8fb200ff5764df9bc51f6b6accd8290c733ee, title='Девятый сон Веры Павловны'
2026/05/27 16:06:04 Duplicate file: hash=8e5baaf51bbd3a5cdda6c7b914308257126d84caa3b2e7a721956d8a5d3a4a70, title='День бульдозериста'
2026/05/27 16:06:04 Duplicate file: hash=f08e3ac488ef5f0e6d9a0c2f4f1dcc47509b06b6bff7e44104e184b239afa6d0, title='Джон Фаулз и трагедия русского либерализма'
2026/05/27 16:06:04 Duplicate file: hash=481bdf515198d7c589f0ed061c53568afe39712f3c26fec718e2d38f03e9e3ba, title='Диалектика Переходного Периода Из Ниоткуда В Никуда'
2026/05/27 16:06:04 Duplicate file: hash=8f0acc66da52bd1cfc453b29f6533eac79cfebf6d29a2663926644690bc3217f, title='Желтая стрела'
2026/05/27 16:06:04 Duplicate file: hash=c24b96ca50764e86e4d7a24d7f4b2d580bb61e9032ebfc96e572f37c4612030d, title='Жизнь и приключения сарая номер XII'
2026/05/27 16:06:04 Duplicate file: hash=88649798f243da48c58a28b91938b48a5ba6de8d39bca5db79f3510e162a9eac, title='Жизнь насекомых'
2026/05/27 16:06:04 Duplicate file: hash=3335e1bb4199fd4770cfb73d6ab26c1930f8059cb289f7fd891f3adb2ea1e8fc, title='Зал поющих кариатид'
2026/05/27 16:06:04 Duplicate file: hash=94f4a6da351bea5a49f1e2c62b96ceaa3b150e3448f41e7ba677a0e0cfd188c1, title='Запись о поиске ветра'
2026/05/27 16:06:04 Duplicate file: hash=519c45c8fc7ca5b8c28e58f1c87a5b39a3f49ea564fe98db87efad07d4b1624e, title='Зигмунд в кафе'
2026/05/27 16:06:04 Duplicate file: hash=1cea6c9b5646bca23075f1658a6da29f879448b71c9077480266f65d68e8acc9, title='Зомбификация. Опыт сравнительной антропологии'
2026/05/27 16:06:04 Duplicate file: hash=4400a824bbb7dce6cccb4470766fc2d4cdca2c7e9277dc53efda57532f2b447a, title='Иван Кублаханов'
2026/05/27 16:06:04 Duplicate file: hash=0fef59f313966b3b9cd6a471419e891560e5ca109f0faf39ecc8f26f962a4d86, title='Икстлан – Петушки'
2026/05/27 16:06:04 Duplicate file: hash=5067d64d7a9630da94f9d43d9394c587c041536cfc3122c24575caf7c420b648, title='Имена олигархов на карте Родины'
2026/05/27 16:06:04 Duplicate file: hash=0fe0b7c94402a9b567da2ea64f2369305237edb5b00a31065beaea309e7e30a5, title='Интервью с Виктором Пелевиным (2)'
2026/05/27 16:06:04 Duplicate file: hash=d1df2ecd37a886bc45621da51b3bdee2084ad9a969d263b99e3faaa2a9498218, title='Интервью с Виктором Пелевиным'
2026/05/27 16:06:04 Duplicate file: hash=4fc7e9a5c411aa34ec04f29aa3714b7db08c24ad4084afd11d8b6e9b9809aebc, title='Код Мира'
2026/05/27 16:06:04 Duplicate file: hash=58f7b3df5683154f99b69f5446505f0f9afa0ca8fad5b1b031c8e1524a280a61, title='Колдун Игнат и люди (сборник)'
2026/05/27 16:06:04 Duplicate file: hash=da77d407feab5f62f86ecee6801699e52a416a0a9e3ae6e6f4f41b049b8eb9e3, title='Колдун Игнат и люди'
2026/05/27 16:06:04 Duplicate file: hash=f5a098db80d9ae460af6045cdff49a13b3bf3b5c0829696bc34dea3f3d2e65a3, title='Кормление крокодила Хуфу'
2026/05/27 16:06:04 Duplicate file: hash=03494ff7c15665204c22c652526d4869e4ba1f78f5c84c97d054bbe2292eb52d, title='Краткая история пэйнтбола в Москве'
2026/05/27 16:06:05 Duplicate file: hash=181d63a9558f106e43a5c1592504444631544b26344d5a69d9f8b41d31a66e99, title='Луноход'
2026/05/27 16:06:05 Duplicate file: hash=93afdb9fb96cf82064cfa745e68fe0bef42bfbb0e204e7d05e4000dc5e1f1a37, title='Любовь к трем цукербринам'
2026/05/27 16:06:05 Duplicate file: hash=77c185c9bfde9b0fc165721ec124afe193a3332563fcaf6a6e400267cce467dd, title='Македонская критика французской мысли (Сборник)'
2026/05/27 16:06:05 Duplicate file: hash=b74c9caf586dcd92ff0c32b18fca35471614657c3a158f8bbbfc10917f87d0cf, title='Мардонги'
2026/05/27 16:06:05 Duplicate file: hash=3e5e994486f072326f8e3d17cf2b3cd1da2cf0a7e536743a2d9da41d16dc2843, title='Миттельшпиль'
2026/05/27 16:06:05 Duplicate file: hash=698bc1f2351828d232f4cf1294d33631267b38255c6b0d0f671b73f1550356dc, title='Мой мескалитовый трип'
2026/05/27 16:06:05 Duplicate file: hash=82da4b2ada9cfc803cbfbd768cd01dc6c06d098baeefa8c70ca5f678b221e29a, title='Мост, который я хотел перейти'
2026/05/27 16:06:05 Duplicate file: hash=59a346a4cd7cc185b2a2185c6643c47814a86479806388702e9c63f286fe2cd5, title='Музыка со столба'
2026/05/27 16:06:05 Duplicate file: hash=01ecb9116a2bd7d171115f91f8d0ca76800d3d2fbf6c2b6be76b53da80796f7d, title='Нижняя тундра'
2026/05/27 16:06:05 Duplicate file: hash=1f1773696c897fe19d6552000b887a17fc785934b11ee9031edf076b03691023, title='Ника'
2026/05/27 16:06:05 Duplicate file: hash=97fc625ab0a9bc5384113155c6b5e30ef57432a13eb411074970df14b65aa532, title='Омон Ра'
2026/05/27 16:06:05 Duplicate file: hash=330ca4dd10e21462fbe0624c1176b8b5ad6c0a00e7f2e58a09e78301668fc798, title='Онтология детства'
2026/05/27 16:06:05 Duplicate file: hash=2d61cd7cd6f087d00ab82161f9ff42f180773b5532748d655f38209fae911ab2, title='Оружие возмездия'
2026/05/27 16:06:05 Duplicate file: hash=f559203a54b29892455ec99a64130addbcb92934fe5d28243c3d324022025304, title='Откровение Крегера'
2026/05/27 16:06:05 Duplicate file: hash=931a1449396561a7299208766beddf145462a15794af6f82baad449ea4393a27, title='Папахи на башнях'
2026/05/27 16:06:05 Duplicate file: hash=a03fcd968cd8f0684bbaf3947be7a0e6548d87d23ac09544a0b6edca14fceb91, title='Подземное небо'
2026/05/27 16:06:05 Duplicate file: hash=6d4822ec4530a93793163a2cec405ffe3a343567b1ac039bdc2f305785fd415b, title='Последняя шутка воина'
2026/05/27 16:06:05 Duplicate file: hash=5e7664bab63dae58a8416c325fe466d603d6606f5b15e4a86e4f05c6374dbfe3, title='Проблема верволка в средней полосе'
2026/05/27 16:06:05 Duplicate file: hash=61840ed4ae66e2117b39f88fc061fa1126aab52128357177f406397aabc37c48, title='Происхождение видов'
2026/05/27 16:06:05 Duplicate file: hash=523d2b9eec05eac11254030d9225da2ede993a012f23ba7ce42760314f9a9aac, title='Пространство Фридмана'
2026/05/27 16:06:05 Duplicate file: hash=5601c628b4a4fa0b5382e0bb084afff61f83499994a4da4631037eefcc81b8d7, title='Реконструктор'
2026/05/27 16:06:05 Duplicate file: hash=8e09cebd111a1a42dbb36d59fd968bf6fcd91fa069d1d48982c7366cfb9f45a0, title='СССР Тайшоу Чжуань'
2026/05/27 16:06:05 Duplicate file: hash=6d9d93f02bbfe7d23f8ab448eb3d60a9404b1069fdaf3dcdabb0c3b9b1e70150, title='Свет горизонта'
2026/05/27 16:06:05 Duplicate file: hash=1c0120c9030360f496d2ef9b1c9be4b4f424f8624c2b5184bfee42fbb19273f4, title='Святочный киберпанк 117.dir'
2026/05/27 16:06:05 Duplicate file: hash=4419b708741ab65c761867ef589c0ebe4c700bfc2975054ff7f24df6fde84b3a, title='Священная книга оборотня'
2026/05/27 16:06:05 Duplicate file: hash=17a59ee987695d90d5d846a768678d9a6b4b1f2899e1c9987126488dbaad1cbc, title='Синий фонарь'
2026/05/27 16:06:05 Duplicate file: hash=00316fa7245e29f1489ede0981807545aa9d44d952bc510fdb76e638b92a898c, title='Синий фонарь'
2026/05/27 16:06:05 Duplicate file: hash=73860dd08b5f86f6f85f5519338c80835e15a4fe13ba9b1809550d56339896c2, title='Спи'
2026/05/27 16:06:05 Duplicate file: hash=1e34c7c31e86f318698f7317899aed3c25b49c0f19eecb7170ecd082be6a5502, title='Тайм-аут, или Вечерняя Москва'
2026/05/27 16:06:05 Duplicate file: hash=e9f52f84879904575232187cc491b882869bd869af1c1af40d932a8b695bf71f, title='Тарзанка'
2026/05/27 16:06:05 Duplicate file: hash=25c8414134f82769358fa08f40181c764cfc4097218fe49f94b8735a753d92c8, title='Тхаги'
2026/05/27 16:06:05 Duplicate file: hash=2b6955c37da190450073047fe981d7697190b6aa1b4ccec1744e017909052e4c, title='Ухряб'
2026/05/27 16:06:05 Duplicate file: hash=18773085e830725f901d1e2debb62663e22d4b48df7b91f2d77c17055ab0264e, title='Хрустальный мир'
2026/05/27 16:06:05 Duplicate file: hash=be18db76107d3300603615a2ae5443adfda325b7b80e4e63c0fd7b88fb167f32, title='Чапаев и Пустота'
2026/05/27 16:06:05 Duplicate file: hash=943f00d302a568025d15e954a9b3f6f0f597511564dd1eaee73ae9e7efe2fabb, title='Числа'
2026/05/27 16:06:05 Duplicate file: hash=5ef700bc782d0144181e122dedc745341261e6d6c67f05337e4f9642ebfc82f5, title='Шлем ужаса'
2026/05/27 16:06:05 Duplicate file: hash=01076c14c7209261cc354155e931373cef1ef0807a1e1f85c2e01bab6b8abfed, title='Эссе, статьи'
2026/05/27 16:06:05 Duplicate file: hash=99de1843a7863f36debdb4f0827e6a96ff68809537a710b23dc9dca84be70b26, title='Смотритель. Том 1. Орден желтого флага'
2026/05/27 16:06:05 Duplicate file: hash=d1271422a9ec43cf76360743552176fd219b10d52fff2b13c6e2cdb914b988e4, title='Смотритель. Книга 2. Железная бездна'
2026/05/27 16:06:05 Duplicate file: hash=b2f5906c4d09b0f2bd28f62366b8ab7d1e182da04222aadc2ff40377cb65b6ca, title='Пелевин В. - Круть (Трансгуманизм - 4) - 2024.a4.pdf'
2026/05/27 16:06:05 Duplicate file: hash=0a91ebe029c1eee67bd871907861ece68c26d4e737370e594def4af737f55e54, title='Круть'
2026/05/27 16:06:05 Duplicate file: hash=0797c615b35d1f8e4abd64cf6ff4fbf48cb0bcb824174b5db21e05a9ca1ed54f, title='Апология Сократа'
2026/05/27 16:06:05 Duplicate file: hash=d714d6610ef0b99eb203514c25b21710bd36dd8afec7adf69a049da475b83859, title='Диалоги'
2026/05/27 16:06:05 Duplicate file: hash=01856899d98f99571bebb15d8df070e4349dbb258d6e0566c40eb8a3c0d9dc61, title='Пелевин и поколение пустоты'
2026/05/27 16:06:05 Duplicate file: hash=1afb7dc4592d22e2b40bbfd457fe879a57fdce078733dff644627072c74ca97a, title='Психология влияния. Наука и практика'
2026/05/27 16:06:05 Duplicate file: hash=289e871a9b7675d29f75d0e37c9a556408e8ebe0670416a0a26655f4d6691b84, title='Свобода Шамана'
2026/05/27 16:06:05 Duplicate file: hash=3a897517f2be1fc87d638d0951960197b6dccbe1e9eb2b779ab514fba0663662, title='Хохот шамана'
2026/05/27 16:06:05 Duplicate file: hash=5df0ab54c622fe60c887108d2c4d003c45327f6e97203c83abf58d6fb1055b11, title='Шаманский Лес'
2026/05/27 16:06:05 Duplicate file: hash=46be094c835551d5817f67e2ec5c1407630c7bac973981c09dcdd294c4d66315, title='Будущая запрещенная книга'
2026/05/27 16:06:05 Duplicate file: hash=9fdf6306d81b9dbd92e966784ff9d8bd698d0436d3abc0a2ced4ee9542e9d77b, title='Виктор Пелевин: эволюция в постмодернизме'
2026/05/27 16:06:05 Duplicate file: hash=db4d70a9933eedfd771827e2992005ce9e8b5b2b3e39eb2ea40235eb7c99fd76, title='Как управлять рабами'
2026/05/27 16:06:05 Duplicate file: hash=1ade2e4d2b85eda3dfe3e3afb063c68d6301eb08f2c8f15eeae25f3efe41b081, title='Чёрный лебедь. Под знаком непредсказуемости'
2026/05/27 16:06:05 Duplicate file: hash=b64c0272bf57c16d884201c37a70811a889e65f2cc1cc2af2b9d8f75afe5e6b4, title='Четвертая промышленная революция. (Top Business Awards)'
2026/05/27 16:06:05 Duplicate file: hash=a23554638136eb35d2884b81ca7a9e477fd044f02aadb8ca56e4f917ec7f441c, title='Дневник писателя'
2026/05/27 16:06:05 Duplicate file: hash=21069e53c15adee36931f6adaac9ca08c184f9c5ec82d9093296242f89aa7974, title='косметическая химия.pdf'
2026/05/27 16:06:05 Duplicate file: hash=3bd2b52870a4c47ccb3f0b793cfeb7d0f17af619093ca011bdb7737d15344ef2, title='Математическая статистика'
[GIN] 2026/05/27 - 16:06:23 | 200 |   1.64ms |             ::1 | GET      "/api/v1/import/status"
[GIN] 2026/05/27 - 16:06:34 | 200 |   3.35ms |             ::1 | GET      "/api/v1/books?limit=5"
[GIN] 2026/05/27 - 16:06:35 | 200 | 509.486µs |             ::1 | GET      "/api/v1/genres"
[GIN] 2026/05/27 - 16:06:40 | 200 | 541.847µs |             ::1 | GET      "/api/v1/shelf/count"
[GIN] 2026/05/27 - 16:06:40 | 200 | 486.833µs |             ::1 | GET      "/api/v1/languages"
[GIN] 2026/05/27 - 17:12:53 | 200 |    2.6ms |      172.17.0.0 | GET      "/"
[GIN] 2026/05/27 - 17:12:53 | 200 |   1.88ms |      172.17.0.0 | GET      "/static/css/style.css"
[GIN] 2026/05/27 - 17:12:53 | 200 |   2.03ms |      172.17.0.0 | GET      "/static/js/import.js"
[GIN] 2026/05/27 - 17:12:53 | 200 | 906.49µs |      172.17.0.0 | GET      "/static/js/app.js"
[GIN] 2026/05/27 - 17:12:53 | 200 | 100.98µs |      172.17.0.0 | GET      "/api/v1/config"
[GIN] 2026/05/27 - 17:12:53 | 200 |   1.32ms |      172.17.0.0 | GET      "/api/v1/shelf/count"
[GIN] 2026/05/27 - 17:12:54 | 200 | 618.95ms |      172.17.0.0 | GET      "/api/v1/authors?author=&book=&genre=&page=1&limit=50"
[GIN] 2026/05/27 - 17:12:56 | 200 | 542.127µs |      172.17.0.0 | GET      "/api/v1/shelf/count"
[GIN] 2026/05/27 - 17:12:56 | 200 | 15.118µs |      172.17.0.0 | GET      "/api/v1/config"
[GIN] 2026/05/27 - 17:12:56 | 404 |  2.234µs |      172.17.0.0 | GET      "/favicon.ico"
[GIN] 2026/05/27 - 17:12:56 | 200 |  42.58ms |      172.17.0.0 | GET      "/api/v1/authors?author=&book=&genre=&page=1&limit=50"
[GIN] 2026/05/27 - 17:12:57 | 304 |   1.28ms |      172.17.0.0 | GET      "/"
[GIN] 2026/05/27 - 17:12:57 | 200 | 19.887µs |      172.17.0.0 | GET      "/api/v1/config"
[GIN] 2026/05/27 - 17:12:57 | 200 |   1.09ms |      172.17.0.0 | GET      "/api/v1/shelf/count"
[GIN] 2026/05/27 - 17:12:57 | 200 |  37.73ms |      172.17.0.0 | GET      "/api/v1/authors?author=&book=&genre=&page=1&limit=50"
[GIN] 2026/05/27 - 17:14:18 | 200 | 661.07ms |      172.17.0.0 | GET      "/api/v1/authors?author=&book=&genre=&page=2&limit=50"
[GIN] 2026/05/27 - 17:15:18 | 200 |  26.64ms |      172.17.0.0 | GET      "/api/v1/authors?author=&book=&genre=&page=3&limit=50"
[GIN] 2026/05/27 - 17:16:45 | 200 |    7.2ms |      172.17.0.0 | GET      "/api/v1/books?limit=50&offset=0&sort_by=original_title&sort_order=asc"
[GIN] 2026/05/27 - 17:16:54 | 200 |   7.37ms |      172.17.0.0 | GET      "/api/v1/books?limit=50&offset=50&sort_by=original_title&sort_order=asc"
[GIN] 2026/05/27 - 17:16:59 | 200 |   7.27ms |      172.17.0.0 | GET      "/api/v1/books?limit=50&offset=100&sort_by=original_title&sort_order=asc"
[GIN] 2026/05/28 - 05:57:57 | 206 |   1.42ms |      172.17.0.0 | GET      "/"
[GIN] 2026/05/28 - 05:57:57 | 206 |   1.83ms |      172.17.0.0 | GET      "/"
[GIN] 2026/05/28 - 05:57:57 | 304 |   2.22ms |      172.17.0.0 | GET      "/static/css/style.css"
[GIN] 2026/05/28 - 05:57:57 | 200 |   2.09ms |      172.17.0.0 | GET      "/static/js/import.js"
[GIN] 2026/05/28 - 05:57:57 | 200 |   2.38ms |      172.17.0.0 | GET      "/static/js/app.js"
[GIN] 2026/05/28 - 05:57:58 | 200 | 881.553µs |      172.17.0.0 | GET      "/api/v1/shelf/count"
[GIN] 2026/05/28 - 05:57:58 | 200 | 48.731µs |      172.17.0.0 | GET      "/api/v1/config"
[GIN] 2026/05/28 - 05:57:58 | 200 | 636.16ms |      172.17.0.0 | GET      "/api/v1/authors?author=&book=&genre=&page=1&limit=50"
[GIN] 2026/05/28 - 05:59:19 | 304 |   1.14ms |      172.17.0.0 | GET      "/"
[GIN] 2026/05/28 - 05:59:19 | 200 | 26.569µs |      172.17.0.0 | GET      "/api/v1/config"
[GIN] 2026/05/28 - 05:59:19 | 200 | 855.014µs |      172.17.0.0 | GET      "/api/v1/shelf/count"
[GIN] 2026/05/28 - 05:59:19 | 200 |   39.8ms |      172.17.0.0 | GET      "/api/v1/authors?author=&book=&genre=&page=1&limit=50"
